1password:1Password
1password-cli
a-better-finder-rename:A Better Finder Rename 12
a-better-finder-attributes:A Better Finder Attributes
airfoil:Airfoil
alacritty
alfred:Alfred
affinity-designer:Affinity Designer
affinity-photo:Affinity Photo
affinity-publisher:Affinity Publisher
applite
audio-hijack:Audio Hijack
avast-security:Avast
backblaze:Backblaze
canva:Canva
carbon-copy-cloner:Carbon Copy Cloner
default-folder-x:Default Folder X
devtoys
discord:Discord
dropbox:Dropbox
dropzone
elgato-stream-deck
fastrawviewer:FastRawViewer
figma:Figma
find-any-file:Find Any File
finicky:Finicky
fission:Fission
fujitsu-scansnap-home
google-chrome:Google Chrome
hazel:Hazel
httpie:HTTPie
keyboard-cleaner:KeyboardCleanTool
keyboard-maestro:Keyboard Maestro
knockknock:KnockKnock
lingon-x:Lingon X
loopback:Loopback
makemkv:MakeMKV
netiquette:Netiquette
obsidian:Obsidian
onyx:OnyX
plex
private-internet-access:Private Internet Access
qmk-toolbox:QMK Toolbox
rectangle:Rectangle
retrobatch:Retrobatch
rightfont:RightFont
radio-silence
screenflick:Screenflick
screenflow:Screenflow
setapp:Setapp
shortcat:Shortcat
sloth:Sloth
soundsource:SoundSource
telegram:Telegram
todoist:Todoist
topnotch:TopNotch
transmission:Transmission
transmit:Transmit
visual-studio-code:Visual Studio Code
zed:Zed
